Archive member included to satisfy reference by file (symbol)

/home/shay/a/ece362/Ac6/SystemWorkbench/plugins/fr.ac6.mcu.externaltools.arm-none.linux64_1.17.0.201812190825/tools/compiler/bin/../lib/gcc/arm-none-eabi/7.3.1/thumb/v6-m/libgcc.a(_udivsi3.o)
                              StdPeriph_Driver/src/stm32f0xx_rcc.o (__aeabi_uidiv)
/home/shay/a/ece362/Ac6/SystemWorkbench/plugins/fr.ac6.mcu.externaltools.arm-none.linux64_1.17.0.201812190825/tools/compiler/bin/../lib/gcc/arm-none-eabi/7.3.1/thumb/v6-m/libgcc.a(_dvmd_tls.o)
                              /home/shay/a/ece362/Ac6/SystemWorkbench/plugins/fr.ac6.mcu.externaltools.arm-none.linux64_1.17.0.201812190825/tools/compiler/bin/../lib/gcc/arm-none-eabi/7.3.1/thumb/v6-m/libgcc.a(_udivsi3.o) (__aeabi_idiv0)
/home/shay/a/ece362/Ac6/SystemWorkbench/plugins/fr.ac6.mcu.externaltools.arm-none.linux64_1.17.0.201812190825/tools/compiler/bin/../lib/gcc/arm-none-eabi/7.3.1/../../../../arm-none-eabi/lib/thumb/v6-m/libc.a(lib_a-errno.o)
                              src/syscalls.o (__errno)
/home/shay/a/ece362/Ac6/SystemWorkbench/plugins/fr.ac6.mcu.externaltools.arm-none.linux64_1.17.0.201812190825/tools/compiler/bin/../lib/gcc/arm-none-eabi/7.3.1/../../../../arm-none-eabi/lib/thumb/v6-m/libc.a(lib_a-exit.o)
                              /home/shay/a/ece362/Ac6/SystemWorkbench/plugins/fr.ac6.mcu.externaltools.arm-none.linux64_1.17.0.201812190825/tools/compiler/bin/../lib/gcc/arm-none-eabi/7.3.1/../../../../arm-none-eabi/lib/thumb/v6-m/crt0.o (exit)
/home/shay/a/ece362/Ac6/SystemWorkbench/plugins/fr.ac6.mcu.externaltools.arm-none.linux64_1.17.0.201812190825/tools/compiler/bin/../lib/gcc/arm-none-eabi/7.3.1/../../../../arm-none-eabi/lib/thumb/v6-m/libc.a(lib_a-impure.o)
                              /home/shay/a/ece362/Ac6/SystemWorkbench/plugins/fr.ac6.mcu.externaltools.arm-none.linux64_1.17.0.201812190825/tools/compiler/bin/../lib/gcc/arm-none-eabi/7.3.1/../../../../arm-none-eabi/lib/thumb/v6-m/libc.a(lib_a-exit.o) (_global_impure_ptr)
/home/shay/a/ece362/Ac6/SystemWorkbench/plugins/fr.ac6.mcu.externaltools.arm-none.linux64_1.17.0.201812190825/tools/compiler/bin/../lib/gcc/arm-none-eabi/7.3.1/../../../../arm-none-eabi/lib/thumb/v6-m/libc.a(lib_a-init.o)
                              /home/shay/a/ece362/Ac6/SystemWorkbench/plugins/fr.ac6.mcu.externaltools.arm-none.linux64_1.17.0.201812190825/tools/compiler/bin/../lib/gcc/arm-none-eabi/7.3.1/../../../../arm-none-eabi/lib/thumb/v6-m/crt0.o (__libc_init_array)
/home/shay/a/ece362/Ac6/SystemWorkbench/plugins/fr.ac6.mcu.externaltools.arm-none.linux64_1.17.0.201812190825/tools/compiler/bin/../lib/gcc/arm-none-eabi/7.3.1/../../../../arm-none-eabi/lib/thumb/v6-m/libc.a(lib_a-memcpy-stub.o)
                              /home/shay/a/nfarook/workspace/lab0/src/autotest.o (memcpy)
/home/shay/a/ece362/Ac6/SystemWorkbench/plugins/fr.ac6.mcu.externaltools.arm-none.linux64_1.17.0.201812190825/tools/compiler/bin/../lib/gcc/arm-none-eabi/7.3.1/../../../../arm-none-eabi/lib/thumb/v6-m/libc.a(lib_a-memset.o)
                              /home/shay/a/ece362/Ac6/SystemWorkbench/plugins/fr.ac6.mcu.externaltools.arm-none.linux64_1.17.0.201812190825/tools/compiler/bin/../lib/gcc/arm-none-eabi/7.3.1/../../../../arm-none-eabi/lib/thumb/v6-m/crt0.o (memset)
/home/shay/a/ece362/Ac6/SystemWorkbench/plugins/fr.ac6.mcu.externaltools.arm-none.linux64_1.17.0.201812190825/tools/compiler/bin/../lib/gcc/arm-none-eabi/7.3.1/../../../../arm-none-eabi/lib/thumb/v6-m/libc.a(lib_a-puts.o)
                              /home/shay/a/nfarook/workspace/lab0/src/autotest.o (puts)
/home/shay/a/ece362/Ac6/SystemWorkbench/plugins/fr.ac6.mcu.externaltools.arm-none.linux64_1.17.0.201812190825/tools/compiler/bin/../lib/gcc/arm-none-eabi/7.3.1/../../../../arm-none-eabi/lib/thumb/v6-m/libc.a(lib_a-random.o)
                              /home/shay/a/nfarook/workspace/lab0/src/autotest.o (srandom)
/home/shay/a/ece362/Ac6/SystemWorkbench/plugins/fr.ac6.mcu.externaltools.arm-none.linux64_1.17.0.201812190825/tools/compiler/bin/../lib/gcc/arm-none-eabi/7.3.1/../../../../arm-none-eabi/lib/thumb/v6-m/libc.a(lib_a-strcmp.o)
                              /home/shay/a/nfarook/workspace/lab0/src/autotest.o (strcmp)
/home/shay/a/ece362/Ac6/SystemWorkbench/plugins/fr.ac6.mcu.externaltools.arm-none.linux64_1.17.0.201812190825/tools/compiler/bin/../lib/gcc/arm-none-eabi/7.3.1/../../../../arm-none-eabi/lib/thumb/v6-m/libc.a(lib_a-strlen-stub.o)
                              /home/shay/a/nfarook/workspace/lab0/src/autotest.o (strlen)
/home/shay/a/ece362/Ac6/SystemWorkbench/plugins/fr.ac6.mcu.externaltools.arm-none.linux64_1.17.0.201812190825/tools/compiler/bin/../lib/gcc/arm-none-eabi/7.3.1/../../../../arm-none-eabi/lib/thumb/v6-m/libc.a(lib_a-strncpy.o)
                              /home/shay/a/nfarook/workspace/lab0/src/autotest.o (strncpy)
[...]
Memory Configuration

Name             Origin             Length             Attributes
RAM              0x0000000020000000 0x0000000000008000 xrw
ROM              0x0000000008000000 0x0000000000040000 xr
*default*        0x0000000000000000 0xffffffffffffffff

Linker script and memory map

LOAD /home/shay/a/ece362/Ac6/SystemWorkbench/plugins/fr.ac6.mcu.externaltools.arm-none.linux64_1.17.0.201812190825/tools/compiler/bin/../lib/gcc/arm-none-eabi/7.3.1/thumb/v6-m/crti.o
LOAD /home/shay/a/ece362/Ac6/SystemWorkbench/plugins/fr.ac6.mcu.externaltools.arm-none.linux64_1.17.0.201812190825/tools/compiler/bin/../lib/gcc/arm-none-eabi/7.3.1/thumb/v6-m/crtbegin.o
LOAD /home/shay/a/ece362/Ac6/SystemWorkbench/plugins/fr.ac6.mcu.externaltools.arm-none.linux64_1.17.0.201812190825/tools/compiler/bin/../lib/gcc/arm-none-eabi/7.3.1/../../../../arm-none-eabi/lib/thumb/v6-m/crt0.o
LOAD StdPeriph_Driver/src/stm32f0xx_adc.o
LOAD StdPeriph_Driver/src/stm32f0xx_can.o
LOAD StdPeriph_Driver/src/stm32f0xx_cec.o
LOAD StdPeriph_Driver/src/stm32f0xx_comp.o
LOAD StdPeriph_Driver/src/stm32f0xx_crc.o
LOAD StdPeriph_Driver/src/stm32f0xx_crs.o
LOAD StdPeriph_Driver/src/stm32f0xx_dac.o
LOAD StdPeriph_Driver/src/stm32f0xx_dbgmcu.o
LOAD StdPeriph_Driver/src/stm32f0xx_dma.o
LOAD StdPeriph_Driver/src/stm32f0xx_exti.o
LOAD StdPeriph_Driver/src/stm32f0xx_flash.o
LOAD StdPeriph_Driver/src/stm32f0xx_gpio.o
LOAD StdPeriph_Driver/src/stm32f0xx_i2c.o
LOAD StdPeriph_Driver/src/stm32f0xx_iwdg.o
LOAD StdPeriph_Driver/src/stm32f0xx_misc.o
LOAD StdPeriph_Driver/src/stm32f0xx_pwr.o
LOAD StdPeriph_Driver/src/stm32f0xx_rcc.o
LOAD StdPeriph_Driver/src/stm32f0xx_rtc.o
LOAD StdPeriph_Driver/src/stm32f0xx_spi.o
LOAD StdPeriph_Driver/src/stm32f0xx_syscfg.o
LOAD StdPeriph_Driver/src/stm32f0xx_tim.o
LOAD StdPeriph_Driver/src/stm32f0xx_usart.o
LOAD StdPeriph_Driver/src/stm32f0xx_wwdg.o
LOAD src/lab0.o
LOAD src/syscalls.o
LOAD src/system_stm32f0xx.o
LOAD startup/startup_stm32.o
LOAD /home/shay/a/nfarook/workspace/lab0/src/autotest.o
LOAD /home/shay/a/ece362/Ac6/SystemWorkbench/plugins/fr.ac6.mcu.externaltools.arm-none.linux64_1.17.0.201812190825/tools/compiler/bin/../lib/gcc/arm-none-eabi/7.3.1/../../../../arm-none-eabi/lib/thumb/v6-m/libm.a
START GROUP
LOAD /home/shay/a/ece362/Ac6/SystemWorkbench/plugins/fr.ac6.mcu.externaltools.arm-none.linux64_1.17.0.201812190825/tools/compiler/bin/../lib/gcc/arm-none-eabi/7.3.1/thumb/v6-m/libgcc.a
LOAD /home/shay/a/ece362/Ac6/SystemWorkbench/plugins/fr.ac6.mcu.externaltools.arm-none.linux64_1.17.0.201812190825/tools/compiler/bin/../lib/gcc/arm-none-eabi/7.3.1/../../../../arm-none-eabi/lib/thumb/v6-m/libc.a
END GROUP
LOAD /home/shay/a/ece362/Ac6/SystemWorkbench/plugins/fr.ac6.mcu.externaltools.arm-none.linux64_1.17.0.201812190825/tools/compiler/bin/../lib/gcc/arm-none-eabi/7.3.1/thumb/v6-m/crtend.o
LOAD /home/shay/a/ece362/Ac6/SystemWorkbench/plugins/fr.ac6.mcu.externaltools.arm-none.linux64_1.17.0.201812190825/tools/compiler/bin/../lib/gcc/arm-none-eabi/7.3.1/thumb/v6-m/crtn.o
                0x0000000020008000                _estack = 0x20008000
                0x0000000000000000                _Min_Heap_Size = 0x0
                0x0000000000000400                _Min_Stack_Size = 0x400

.isr_vector     0x0000000008000000       0xc0
                0x0000000008000000                . = ALIGN (0x4)
 *(.isr_vector)
 .isr_vector    0x0000000008000000       0xc0 startup/startup_stm32.o
                0x0000000008000000                g_pfnVectors
                0x00000000080000c0                . = ALIGN (0x4)

.text           0x00000000080000c0     0x42b4
                0x00000000080000c0                . = ALIGN (0x4)
 *(.text)
 .text          0x00000000080000c0       0x48 /home/shay/a/ece362/Ac6/SystemWorkbench/plugins/fr.ac6.mcu.externaltools.arm-none.linux64_1.17.0.201812190825/tools/compiler/bin/../lib/gcc/arm-none-eabi/7.3.1/thumb/v6-m/crtbegin.o
 .text          0x0000000008000108       0x1c src/lab0.o
                0x0000000008000108                main
                0x000000000800011a                login
 .text          0x0000000008000124        0x4 /home/shay/a/ece362/Ac6/SystemWorkbench/plugins/fr.ac6.mcu.externaltools.arm-none.linux64_1.17.0.201812190825/tools/compiler/bin/../lib/gcc/arm-none-eabi/7.3.1/thumb/v6-m/libgcc.a(_dvmd_tls.o)
                0x0000000008000124                __aeabi_ldiv0
                0x0000000008000124                __aeabi_idiv0
 .text          0x0000000008000128       0x88 /home/shay/a/ece362/Ac6/SystemWorkbench/plugins/fr.ac6.mcu.externaltools.arm-none.linux64_1.17.0.201812190825/tools/compiler/bin/../lib/gcc/arm-none-eabi/7.3.1/../../../../arm-none-eabi/lib/thumb/v6-m/libc.a(lib_a-strcmp.o)
                0x0000000008000128                strcmp
 .text          0x00000000080001b0      0x1d4 /home/shay/a/ece362/Ac6/SystemWorkbench/plugins/fr.ac6.mcu.externaltools.arm-none.linux64_1.17.0.201812190825/tools/compiler/bin/../lib/gcc/arm-none-eabi/7.3.1/thumb/v6-m/libgcc.a(_divsi3.o)
                0x00000000080001b0                __aeabi_idiv
                0x00000000080001b0                __divsi3
                0x000000000800037c                __aeabi_idivmod
 *(.text*)
 .text._read    0x0000000008000384       0x3a src/syscalls.o
                0x0000000008000384                _read
 .text._write   0x00000000080003be       0x38 src/syscalls.o
                0x00000000080003be                _write
 *fill*         0x00000000080003f6        0x2 
 .text._sbrk    0x00000000080003f8       0x58 src/syscalls.o
                0x00000000080003f8                _sbrk
 .text._close   0x0000000008000450       0x14 src/syscalls.o
                0x0000000008000450                _close
 .text._fstat   0x0000000008000464       0x1c src/syscalls.o
                0x0000000008000464                _fstat
 .text._isatty  0x0000000008000480       0x12 src/syscalls.o
                0x0000000008000480                _isatty
 .text._lseek   0x0000000008000492       0x16 src/syscalls.o
                0x0000000008000492                _lseek
 .text.SystemInit
                0x00000000080004a8       0x8c src/system_stm32f0xx.o
                0x00000000080004a8                SystemInit
 .text.SetSysClock
                0x0000000008000534       0xe0 src/system_stm32f0xx.o
 .text.Reset_Handler
                0x0000000008000614       0x50 startup/startup_stm32.o
                0x0000000008000614                Reset_Handler
 .text.Default_Handler
                0x0000000008000664        0x2 startup/startup_stm32.o
                0x0000000008000664                DMA1_CH4_5_6_7_DMA2_CH3_4_5_IRQHandler
                0x0000000008000664                TIM1_CC_IRQHandler
                0x0000000008000664                TSC_IRQHandler
                0x0000000008000664                HardFault_Handler
                0x0000000008000664                SysTick_Handler
                0x0000000008000664                PVD_IRQHandler
                0x0000000008000664                PendSV_Handler
                0x0000000008000664                NMI_Handler
                0x0000000008000664                I2C1_IRQHandler
                0x0000000008000664                RCC_CRS_IRQHandler
                0x0000000008000664                SPI1_IRQHandler
                0x0000000008000664                TIM6_DAC_IRQHandler
                0x0000000008000664                EXTI2_3_IRQHandler
                0x0000000008000664                I2C2_IRQHandler
                0x0000000008000664                TIM17_IRQHandler
                0x0000000008000664                CEC_CAN_IRQHandler
                0x0000000008000664                RTC_IRQHandler
                0x0000000008000664                TIM16_IRQHandler
                0x0000000008000664                TIM3_IRQHandler
                0x0000000008000664                EXTI4_15_IRQHandler
                0x0000000008000664                Default_Handler
                0x0000000008000664                DMA1_CH2_3_DMA2_CH1_2_IRQHandler
                0x0000000008000664                TIM14_IRQHandler
                0x0000000008000664                TIM7_IRQHandler
                0x0000000008000664                TIM15_IRQHandler
                0x0000000008000664                EXTI0_1_IRQHandler
                0x0000000008000664                USB_IRQHandler
                0x0000000008000664                SPI2_IRQHandler
                0x0000000008000664                DMA1_CH1_IRQHandler
                0x0000000008000664                SVC_Handler
                0x0000000008000664                WWDG_IRQHandler
                0x0000000008000664                TIM2_IRQHandler
                0x0000000008000664                ADC_COMP_IRQHandler
                0x0000000008000664                USART2_IRQHandler
                0x0000000008000664                USART3_4_5_6_7_8_IRQHandler
                0x0000000008000664                FLASH_IRQHandler
                0x0000000008000664                USART1_IRQHandler
                0x0000000008000664                TIM1_BRK_UP_TRG_COM_IRQHandler
 .text.nano_wait
                0x0000000008000666       0x18 /home/shay/a/nfarook/workspace/lab0/src/autotest.o
 *fill*         0x000000000800067e        0x2 
 .text.milli_wait
                0x0000000008000680       0x38 /home/shay/a/nfarook/workspace/lab0/src/autotest.o
 .text.usleep   0x00000000080006b8       0x54 /home/shay/a/nfarook/workspace/lab0/src/autotest.o
 .text.num_lsl  0x000000000800070c      0x14e /home/shay/a/nfarook/workspace/lab0/src/autotest.o
 .text.num_lsr  0x000000000800085a       0xee /home/shay/a/nfarook/workspace/lab0/src/autotest.o
 .text.num_init
                0x0000000008000948       0x4a /home/shay/a/nfarook/workspace/lab0/src/autotest.o
 .text.num_init_int
                0x0000000008000992       0x26 /home/shay/a/nfarook/workspace/lab0/src/autotest.o
 .text.num_init_mem
                0x00000000080009b8       0x5c /home/shay/a/nfarook/workspace/lab0/src/autotest.o
 .text.num_init_str
                0x0000000008000a14      0x122 /home/shay/a/nfarook/workspace/lab0/src/autotest.o
 .text.num_copy
                0x0000000008000b36       0x5e /home/shay/a/nfarook/workspace/lab0/src/autotest.o
 .text.num_assign
                0x0000000008000b94       0x5e /home/shay/a/nfarook/workspace/lab0/src/autotest.o
 .text.num_bitsize
                0x0000000008000bf2       0xc4 /home/shay/a/nfarook/workspace/lab0/src/autotest.o
 .text.num_add  0x0000000008000cb6      0x1d0 /home/shay/a/nfarook/workspace/lab0/src/autotest.o
 .text.num_inverse
                0x0000000008000e86       0x52 /home/shay/a/nfarook/workspace/lab0/src/autotest.o
 .text.num_sub  0x0000000008000ed8      0x25c /home/shay/a/nfarook/workspace/lab0/src/autotest.o
 .text.num_is_positive
                0x0000000008001134       0x2a /home/shay/a/nfarook/workspace/lab0/src/autotest.o
 .text.num_is_greater
                0x000000000800115e       0xc4 /home/shay/a/nfarook/workspace/lab0/src/autotest.o
 .text.num_mul  0x0000000008001222      0x186 /home/shay/a/nfarook/workspace/lab0/src/autotest.o
 .text.num_is_zero
                0x00000000080013a8       0x3e /home/shay/a/nfarook/workspace/lab0/src/autotest.o
 .text.num_is_odd
                0x00000000080013e6       0x20 /home/shay/a/nfarook/workspace/lab0/src/autotest.o
 .text.num_div  0x0000000008001406      0x4ba /home/shay/a/nfarook/workspace/lab0/src/autotest.o
 .text.num_powmod
                0x00000000080018c0      0x23c /home/shay/a/nfarook/workspace/lab0/src/autotest.o
 .text.cmd      0x0000000008001afc       0x34 /home/shay/a/nfarook/workspace/lab0/src/autotest.o
 .text.init_lcd
                0x0000000008001b30      0x104 /home/shay/a/nfarook/workspace/lab0/src/autotest.o
 .text.init_serial
                0x0000000008001c34      0x100 /home/shay/a/nfarook/workspace/lab0/src/autotest.o
 .text.internal_putchar
                0x0000000008001d34       0x48 /home/shay/a/nfarook/workspace/lab0/src/autotest.o
 .text.internal_getchar
                0x0000000008001d7c       0x2c /home/shay/a/nfarook/workspace/lab0/src/autotest.o
 .text.__io_putchar
                0x0000000008001da8       0x1a /home/shay/a/nfarook/workspace/lab0/src/autotest.o
                0x0000000008001da8                __io_putchar
 .text.__io_getchar
                0x0000000008001dc2       0x10 /home/shay/a/nfarook/workspace/lab0/src/autotest.o
                0x0000000008001dc2                __io_getchar
 *fill*         0x0000000008001dd2        0x2 
 .text.check_serial_input
                0x0000000008001dd4       0x24 /home/shay/a/nfarook/workspace/lab0/src/autotest.o
 .text.display1
                0x0000000008001df8       0x18 /home/shay/a/nfarook/workspace/lab0/src/autotest.o
 .text.display2
                0x0000000008001e10       0x18 /home/shay/a/nfarook/workspace/lab0/src/autotest.o
 .text.wait_pa0_release
                0x0000000008001e28       0x58 /home/shay/a/nfarook/workspace/lab0/src/autotest.o
 .text.wait_pa0_press
                0x0000000008001e80       0x58 /home/shay/a/nfarook/workspace/lab0/src/autotest.o
 .text.spin     0x0000000008001ed8        0xe /home/shay/a/nfarook/workspace/lab0/src/autotest.o
 *fill*         0x0000000008001ee6        0x2 
 .text.check_cpu
                0x0000000008001ee8       0x48 /home/shay/a/nfarook/workspace/lab0/src/autotest.o
 .text.check_mem
                0x0000000008001f30       0x48 /home/shay/a/nfarook/workspace/lab0/src/autotest.o
 .text.check_clock
                0x0000000008001f78      0x120 /home/shay/a/nfarook/workspace/lab0/src/autotest.o
 .text.get_ent  0x0000000008002098      0x138 /home/shay/a/nfarook/workspace/lab0/src/autotest.o
 .text.encode   0x00000000080021d0       0x8c /home/shay/a/nfarook/workspace/lab0/src/autotest.o
 .text.inform   0x000000000800225c      0x3e4 /home/shay/a/nfarook/workspace/lab0/src/autotest.o
 .text.autotest
                0x0000000008002640      0x1c8 /home/shay/a/nfarook/workspace/lab0/src/autotest.o
                0x0000000008002640                autotest
 .text.__errno  0x0000000008002808        0xc /home/shay/a/ece362/Ac6/SystemWorkbench/plugins/fr.ac6.mcu.externaltools.arm-none.linux64_1.17.0.201812190825/tools/compiler/bin/../lib/gcc/arm-none-eabi/7.3.1/../../../../arm-none-eabi/lib/thumb/v6-m/libc.a(lib_a-errno.o)
                0x0000000008002808                __errno
 .text.__libc_init_array
                0x0000000008002814       0x48 /home/shay/a/ece362/Ac6/SystemWorkbench/plugins/fr.ac6.mcu.externaltools.arm-none.linux64_1.17.0.201812190825/tools/compiler/bin/../lib/gcc/arm-none-eabi/7.3.1/../../../../arm-none-eabi/lib/thumb/v6-m/libc.a(lib_a-init.o)
                0x0000000008002814                __libc_init_array
 .text.memcpy   0x000000000800285c       0x88 /home/shay/a/ece362/Ac6/SystemWorkbench/plugins/fr.ac6.mcu.externaltools.arm-none.linux64_1.17.0.201812190825/tools/compiler/bin/../lib/gcc/arm-none-eabi/7.3.1/../../../../arm-none-eabi/lib/thumb/v6-m/libc.a(lib_a-memcpy-stub.o)
                0x000000000800285c                memcpy
 .text.memset   0x00000000080028e4       0x9c /home/shay/a/ece362/Ac6/SystemWorkbench/plugins/fr.ac6.mcu.externaltools.arm-none.linux64_1.17.0.201812190825/tools/compiler/bin/../lib/gcc/arm-none-eabi/7.3.1/../../../../arm-none-eabi/lib/thumb/v6-m/libc.a(lib_a-memset.o)
                0x00000000080028e4                memset
 .text._puts_r  0x0000000008002980       0xa0 /home/shay/a/ece362/Ac6/SystemWorkbench/plugins/fr.ac6.mcu.externaltools.arm-none.linux64_1.17.0.201812190825/tools/compiler/bin/../lib/gcc/arm-none-eabi/7.3.1/../../../../arm-none-eabi/lib/thumb/v6-m/libc.a(lib_a-puts.o)
                0x0000000008002980                _puts_r
 .text.puts     0x0000000008002a20       0x14 /home/shay/a/ece362/Ac6/SystemWorkbench/plugins/fr.ac6.mcu.externaltools.arm-none.linux64_1.17.0.201812190825/tools/compiler/bin/../lib/gcc/arm-none-eabi/7.3.1/../../../../arm-none-eabi/lib/thumb/v6-m/libc.a(lib_a-puts.o)
                0x0000000008002a20                puts
 .text.srandom  0x0000000008002a34       0x14 /home/shay/a/ece362/Ac6/SystemWorkbench/plugins/fr.ac6.mcu.externaltools.arm-none.linux64_1.17.0.201812190825/tools/compiler/bin/../lib/gcc/arm-none-eabi/7.3.1/../../../../arm-none-eabi/lib/thumb/v6-m/libc.a(lib_a-random.o)
                0x0000000008002a34                srandom
 .text.strlen   0x0000000008002a48       0x64 /home/shay/a/ece362/Ac6/SystemWorkbench/plugins/fr.ac6.mcu.externaltools.arm-none.linux64_1.17.0.201812190825/tools/compiler/bin/../lib/gcc/arm-none-eabi/7.3.1/../../../../arm-none-eabi/lib/thumb/v6-m/libc.a(lib_a-strlen-stub.o)
                0x0000000008002a48                strlen
 .text.strncpy  0x0000000008002aac       0x8c /home/shay/a/ece362/Ac6/SystemWorkbench/plugins/fr.ac6.mcu.externaltools.arm-none.linux64_1.17.0.201812190825/tools/compiler/bin/../lib/gcc/arm-none-eabi/7.3.1/../../../../arm-none-eabi/lib/thumb/v6-m/libc.a(lib_a-strncpy.o)
                0x0000000008002aac                strncpy
 .text.startup.register_fini
                0x0000000008002b38       0x18 /home/shay/a/ece362/Ac6/SystemWorkbench/plugins/fr.ac6.mcu.externaltools.arm-none.linux64_1.17.0.201812190825/tools/compiler/bin/../lib/gcc/arm-none-eabi/7.3.1/../../../../arm-none-eabi/lib/thumb/v6-m/libc.a(lib_a-__call_atexit.o)
 .text.atexit   0x0000000008002b50       0x10 /home/shay/a/ece362/Ac6/SystemWorkbench/plugins/fr.ac6.mcu.externaltools.arm-none.linux64_1.17.0.201812190825/tools/compiler/bin/../lib/gcc/arm-none-eabi/7.3.1/../../../../arm-none-eabi/lib/thumb/v6-m/libc.a(lib_a-atexit.o)
                0x0000000008002b50                atexit
 .text.std      0x0000000008002b60       0x50 /home/shay/a/ece362/Ac6/SystemWorkbench/plugins/fr.ac6.mcu.externaltools.arm-none.linux64_1.17.0.201812190825/tools/compiler/bin/../lib/gcc/arm-none-eabi/7.3.1/../../../../arm-none-eabi/lib/thumb/v6-m/libc.a(lib_a-findfp.o)
 .text._cleanup_r
                0x0000000008002bb0       0x10 /home/shay/a/ece362/Ac6/SystemWorkbench/plugins/fr.ac6.mcu.externaltools.arm-none.linux64_1.17.0.201812190825/tools/compiler/bin/../lib/gcc/arm-none-eabi/7.3.1/../../../../arm-none-eabi/lib/thumb/v6-m/libc.a(lib_a-findfp.o)
                0x0000000008002bb0                _cleanup_r
 .text.__sinit  0x0000000008002bc0       0x60 /home/shay/a/ece362/Ac6/SystemWorkbench/plugins/fr.ac6.mcu.externaltools.arm-none.linux64_1.17.0.201812190825/tools/compiler/bin/../lib/gcc/arm-none-eabi/7.3.1/../../../../arm-none-eabi/lib/thumb/v6-m/libc.a(lib_a-findfp.o)
                0x0000000008002bc0                __sinit
 .text.__sfp_lock_acquire
                0x0000000008002c20       0x10 /home/shay/a/ece362/Ac6/SystemWorkbench/plugins/fr.ac6.mcu.externaltools.arm-none.linux64_1.17.0.201812190825/tools/compiler/bin/../lib/gcc/arm-none-eabi/7.3.1/../../../../arm-none-eabi/lib/thumb/v6-m/libc.a(lib_a-findfp.o)
                0x0000000008002c20                __sfp_lock_acquire
 .text.__sfp_lock_release
                0x0000000008002c30       0x10 /home/shay/a/ece362/Ac6/SystemWorkbench/plugins/fr.ac6.mcu.externaltools.arm-none.linux64_1.17.0.201812190825/tools/compiler/bin/../lib/gcc/arm-none-eabi/7.3.1/../../../../arm-none-eabi/lib/thumb/v6-m/libc.a(lib_a-findfp.o)
                0x0000000008002c30                __sfp_lock_release
 .text.__libc_fini_array
                0x0000000008002c40       0x34 /home/shay/a/ece362/Ac6/SystemWorkbench/plugins/fr.ac6.mcu.externaltools.arm-none.linux64_1.17.0.201812190825/tools/compiler/bin/../lib/gcc/arm-none-eabi/7.3.1/../../../../arm-none-eabi/lib/thumb/v6-m/libc.a(lib_a-fini.o)
                0x0000000008002c40                __libc_fini_array
 .text.__sfvwrite_r
                0x0000000008002c74      0x2fc /home/shay/a/ece362/Ac6/SystemWorkbench/plugins/fr.ac6.mcu.externaltools.arm-none.linux64_1.17.0.201812190825/tools/compiler/bin/../lib/gcc/arm-none-eabi/7.3.1/../../../../arm-none-eabi/lib/thumb/v6-m/libc.a(lib_a-fvwrite.o)
                0x0000000008002c74                __sfvwrite_r
 .text._fwalk_reent
                0x0000000008002f70       0x4c /home/shay/a/ece362/Ac6/SystemWorkbench/plugins/fr.ac6.mcu.externaltools.arm-none.linux64_1.17.0.201812190825/tools/compiler/bin/../lib/gcc/arm-none-eabi/7.3.1/../../../../arm-none-eabi/lib/thumb/v6-m/libc.a(lib_a-fwalk.o)
                0x0000000008002f70                _fwalk_reent
 .text.__retarget_lock_init_recursive
                0x0000000008002fbc        0x4 /home/shay/a/ece362/Ac6/SystemWorkbench/plugins/fr.ac6.mcu.externaltools.arm-none.linux64_1.17.0.201812190825/tools/compiler/bin/../lib/gcc/arm-none-eabi/7.3.1/../../../../arm-none-eabi/lib/thumb/v6-m/libc.a(lib_a-lock.o)
                0x0000000008002fbc                __retarget_lock_init_recursive
 .text.__retarget_lock_close_recursive
                0x0000000008002fc0        0x4 /home/shay/a/ece362/Ac6/SystemWorkbench/plugins/fr.ac6.mcu.externaltools.arm-none.linux64_1.17.0.201812190825/tools/compiler/bin/../lib/gcc/arm-none-eabi/7.3.1/../../../../arm-none-eabi/lib/thumb/v6-m/libc.a(lib_a-lock.o)
                0x0000000008002fc0                __retarget_lock_close_recursive
 .text.__retarget_lock_acquire_recursive
                0x0000000008002fc4        0x4 /home/shay/a/ece362/Ac6/SystemWorkbench/plugins/fr.ac6.mcu.externaltools.arm-none.linux64_1.17.0.201812190825/tools/compiler/bin/../lib/gcc/arm-none-eabi/7.3.1/../../../../arm-none-eabi/lib/thumb/v6-m/libc.a(lib_a-lock.o)
                0x0000000008002fc4                __retarget_lock_acquire_recursive
 .text.__retarget_lock_release_recursive
                0x0000000008002fc8        0x4 /home/shay/a/ece362/Ac6/SystemWorkbench/plugins/fr.ac6.mcu.externaltools.arm-none.linux64_1.17.0.201812190825/tools/compiler/bin/../lib/gcc/arm-none-eabi/7.3.1/../../../../arm-none-eabi/lib/thumb/v6-m/libc.a(lib_a-lock.o)
                0x0000000008002fc8                __retarget_lock_release_recursive
 .text._malloc_r
                0x0000000008002fcc      0x554 /home/shay/a/ece362/Ac6/SystemWorkbench/plugins/fr.ac6.mcu.externaltools.arm-none.linux64_1.17.0.201812190825/tools/compiler/bin/../lib/gcc/arm-none-eabi/7.3.1/../../../../arm-none-eabi/lib/thumb/v6-m/libc.a(lib_a-mallocr.o)
                0x0000000008002fcc                _malloc_r
 .text.memchr   0x0000000008003520       0x80 /home/shay/a/ece362/Ac6/SystemWorkbench/plugins/fr.ac6.mcu.externaltools.arm-none.linux64_1.17.0.201812190825/tools/compiler/bin/../lib/gcc/arm-none-eabi/7.3.1/../../../../arm-none-eabi/lib/thumb/v6-m/libc.a(lib_a-memchr-stub.o)
                0x0000000008003520                memchr
 .text.memmove  0x00000000080035a0       0x9c /home/shay/a/ece362/Ac6/SystemWorkbench/plugins/fr.ac6.mcu.externaltools.arm-none.linux64_1.17.0.201812190825/tools/compiler/bin/../lib/gcc/arm-none-eabi/7.3.1/../../../../arm-none-eabi/lib/thumb/v6-m/libc.a(lib_a-memmove.o)
                0x00000000080035a0                memmove
 .text.__malloc_lock
                0x000000000800363c       0x10 /home/shay/a/ece362/Ac6/SystemWorkbench/plugins/fr.ac6.mcu.externaltools.arm-none.linux64_1.17.0.201812190825/tools/compiler/bin/../lib/gcc/arm-none-eabi/7.3.1/../../../../arm-none-eabi/lib/thumb/v6-m/libc.a(lib_a-mlock.o)
                0x000000000800363c                __malloc_lock
 .text.__malloc_unlock
                0x000000000800364c       0x10 /home/shay/a/ece362/Ac6/SystemWorkbench/plugins/fr.ac6.mcu.externaltools.arm-none.linux64_1.17.0.201812190825/tools/compiler/bin/../lib/gcc/arm-none-eabi/7.3.1/../../../../arm-none-eabi/lib/thumb/v6-m/libc.a(lib_a-mlock.o)
                0x000000000800364c                __malloc_unlock
 .text._realloc_r
                0x000000000800365c      0x3b0 /home/shay/a/ece362/Ac6/SystemWorkbench/plugins/fr.ac6.mcu.externaltools.arm-none.linux64_1.17.0.201812190825/tools/compiler/bin/../lib/gcc/arm-none-eabi/7.3.1/../../../../arm-none-eabi/lib/thumb/v6-m/libc.a(lib_a-reallocr.o)
                0x000000000800365c                _realloc_r
 .text._sbrk_r  0x0000000008003a0c       0x24 /home/shay/a/ece362/Ac6/SystemWorkbench/plugins/fr.ac6.mcu.externaltools.arm-none.linux64_1.17.0.201812190825/tools/compiler/bin/../lib/gcc/arm-none-eabi/7.3.1/../../../../arm-none-eabi/lib/thumb/v6-m/libc.a(lib_a-sbrkr.o)
                0x0000000008003a0c                _sbrk_r
 .text.__sread  0x0000000008003a30       0x28 /home/shay/a/ece362/Ac6/SystemWorkbench/plugins/fr.ac6.mcu.externaltools.arm-none.linux64_1.17.0.201812190825/tools/compiler/bin/../lib/gcc/arm-none-eabi/7.3.1/../../../../arm-none-eabi/lib/thumb/v6-m/libc.a(lib_a-stdio.o)
                0x0000000008003a30                __sread
 .text.__swrite
                0x0000000008003a58       0x3c /home/shay/a/ece362/Ac6/SystemWorkbench/plugins/fr.ac6.mcu.externaltools.arm-none.linux64_1.17.0.201812190825/tools/compiler/bin/../lib/gcc/arm-none-eabi/7.3.1/../../../../arm-none-eabi/lib/thumb/v6-m/libc.a(lib_a-stdio.o)
                0x0000000008003a58                __swrite
 .text.__sseek  0x0000000008003a94       0x2c /home/shay/a/ece362/Ac6/SystemWorkbench/plugins/fr.ac6.mcu.externaltools.arm-none.linux64_1.17.0.201812190825/tools/compiler/bin/../lib/gcc/arm-none-eabi/7.3.1/../../../../arm-none-eabi/lib/thumb/v6-m/libc.a(lib_a-stdio.o)
                0x0000000008003a94                __sseek
 .text.__sclose
                0x0000000008003ac0        0xc /home/shay/a/ece362/Ac6/SystemWorkbench/plugins/fr.ac6.mcu.externaltools.arm-none.linux64_1.17.0.201812190825/tools/compiler/bin/../lib/gcc/arm-none-eabi/7.3.1/../../../../arm-none-eabi/lib/thumb/v6-m/libc.a(lib_a-stdio.o)
                0x0000000008003ac0                __sclose
 .text._write_r
                0x0000000008003acc       0x28 /home/shay/a/ece362/Ac6/SystemWorkbench/plugins/fr.ac6.mcu.externaltools.arm-none.linux64_1.17.0.201812190825/tools/compiler/bin/../lib/gcc/arm-none-eabi/7.3.1/../../../../arm-none-eabi/lib/thumb/v6-m/libc.a(lib_a-writer.o)
                0x0000000008003acc                _write_r
 .text.__swsetup_r
                0x0000000008003af4       0xd4 /home/shay/a/ece362/Ac6/SystemWorkbench/plugins/fr.ac6.mcu.externaltools.arm-none.linux64_1.17.0.201812190825/tools/compiler/bin/../lib/gcc/arm-none-eabi/7.3.1/../../../../arm-none-eabi/lib/thumb/v6-m/libc.a(lib_a-wsetup.o)
                0x0000000008003af4                __swsetup_r
 .text.__register_exitproc
                0x0000000008003bc8       0xf4 /home/shay/a/ece362/Ac6/SystemWorkbench/plugins/fr.ac6.mcu.externaltools.arm-none.linux64_1.17.0.201812190825/tools/compiler/bin/../lib/gcc/arm-none-eabi/7.3.1/../../../../arm-none-eabi/lib/thumb/v6-m/libc.a(lib_a-__atexit.o)
                0x0000000008003bc8                __register_exitproc
 .text._close_r
                0x0000000008003cbc       0x24 /home/shay/a/ece362/Ac6/SystemWorkbench/plugins/fr.ac6.mcu.externaltools.arm-none.linux64_1.17.0.201812190825/tools/compiler/bin/../lib/gcc/arm-none-eabi/7.3.1/../../../../arm-none-eabi/lib/thumb/v6-m/libc.a(lib_a-closer.o)
                0x0000000008003cbc                _close_r
 .text._fclose_r
                0x0000000008003ce0       0xd8 /home/shay/a/ece362/Ac6/SystemWorkbench/plugins/fr.ac6.mcu.externaltools.arm-none.linux64_1.17.0.201812190825/tools/compiler/bin/../lib/gcc/arm-none-eabi/7.3.1/../../../../arm-none-eabi/lib/thumb/v6-m/libc.a(lib_a-fclose.o)
                0x0000000008003ce0                _fclose_r
 .text.__sflush_r
                0x0000000008003db8      0x150 /home/shay/a/ece362/Ac6/SystemWorkbench/plugins/fr.ac6.mcu.externaltools.arm-none.linux64_1.17.0.201812190825/tools/compiler/bin/../lib/gcc/arm-none-eabi/7.3.1/../../../../arm-none-eabi/lib/thumb/v6-m/libc.a(lib_a-fflush.o)
                0x0000000008003db8                __sflush_r
 .text._fflush_r
                0x0000000008003f08       0x54 /home/shay/a/ece362/Ac6/SystemWorkbench/plugins/fr.ac6.mcu.externaltools.arm-none.linux64_1.17.0.201812190825/tools/compiler/bin/../lib/gcc/arm-none-eabi/7.3.1/../../../../arm-none-eabi/lib/thumb/v6-m/libc.a(lib_a-fflush.o)
                0x0000000008003f08                _fflush_r
 .text._malloc_trim_r
                0x0000000008003f5c       0xa0 /home/shay/a/ece362/Ac6/SystemWorkbench/plugins/fr.ac6.mcu.externaltools.arm-none.linux64_1.17.0.201812190825/tools/compiler/bin/../lib/gcc/arm-none-eabi/7.3.1/../../../../arm-none-eabi/lib/thumb/v6-m/libc.a(lib_a-freer.o)
                0x0000000008003f5c                _malloc_trim_r
 .text._free_r  0x0000000008003ffc      0x1d4 /home/shay/a/ece362/Ac6/SystemWorkbench/plugins/fr.ac6.mcu.externaltools.arm-none.linux64_1.17.0.201812190825/tools/compiler/bin/../lib/gcc/arm-none-eabi/7.3.1/../../../../arm-none-eabi/lib/thumb/v6-m/libc.a(lib_a-freer.o)
                0x0000000008003ffc                _free_r
 .text._lseek_r
                0x00000000080041d0       0x28 /home/shay/a/ece362/Ac6/SystemWorkbench/plugins/fr.ac6.mcu.externaltools.arm-none.linux64_1.17.0.201812190825/tools/compiler/bin/../lib/gcc/arm-none-eabi/7.3.1/../../../../arm-none-eabi/lib/thumb/v6-m/libc.a(lib_a-lseekr.o)
                0x00000000080041d0                _lseek_r
 .text.__swhatbuf_r
                0x00000000080041f8       0x60 /home/shay/a/ece362/Ac6/SystemWorkbench/plugins/fr.ac6.mcu.externaltools.arm-none.linux64_1.17.0.201812190825/tools/compiler/bin/../lib/gcc/arm-none-eabi/7.3.1/../../../../arm-none-eabi/lib/thumb/v6-m/libc.a(lib_a-makebuf.o)
                0x00000000080041f8                __swhatbuf_r
 .text.__smakebuf_r
                0x0000000008004258       0x90 /home/shay/a/ece362/Ac6/SystemWorkbench/plugins/fr.ac6.mcu.externaltools.arm-none.linux64_1.17.0.201812190825/tools/compiler/bin/../lib/gcc/arm-none-eabi/7.3.1/../../../../arm-none-eabi/lib/thumb/v6-m/libc.a(lib_a-makebuf.o)
                0x0000000008004258                __smakebuf_r
 .text._read_r  0x00000000080042e8       0x28 /home/shay/a/ece362/Ac6/SystemWorkbench/plugins/fr.ac6.mcu.externaltools.arm-none.linux64_1.17.0.201812190825/tools/compiler/bin/../lib/gcc/arm-none-eabi/7.3.1/../../../../arm-none-eabi/lib/thumb/v6-m/libc.a(lib_a-readr.o)
                0x00000000080042e8                _read_r
 .text._fstat_r
                0x0000000008004310       0x28 /home/shay/a/ece362/Ac6/SystemWorkbench/plugins/fr.ac6.mcu.externaltools.arm-none.linux64_1.17.0.201812190825/tools/compiler/bin/../lib/gcc/arm-none-eabi/7.3.1/../../../../arm-none-eabi/lib/thumb/v6-m/libc.a(lib_a-fstatr.o)
                0x0000000008004310                _fstat_r
 .text._isatty_r
                0x0000000008004338       0x24 /home/shay/a/ece362/Ac6/SystemWorkbench/plugins/fr.ac6.mcu.externaltools.arm-none.linux64_1.17.0.201812190825/tools/compiler/bin/../lib/gcc/arm-none-eabi/7.3.1/../../../../arm-none-eabi/lib/thumb/v6-m/libc.a(lib_a-isattyr.o)
                0x0000000008004338                _isatty_r
 *(.glue_7)
 .glue_7        0x000000000800435c        0x0 linker stubs
 *(.glue_7t)
 .glue_7t       0x000000000800435c        0x0 linker stubs
 *(.eh_frame)
 .eh_frame      0x000000000800435c        0x0 /home/shay/a/ece362/Ac6/SystemWorkbench/plugins/fr.ac6.mcu.externaltools.arm-none.linux64_1.17.0.201812190825/tools/compiler/bin/../lib/gcc/arm-none-eabi/7.3.1/thumb/v6-m/crtbegin.o
 *(.init)
 .init          0x000000000800435c        0x4 /home/shay/a/ece362/Ac6/SystemWorkbench/plugins/fr.ac6.mcu.externaltools.arm-none.linux64_1.17.0.201812190825/tools/compiler/bin/../lib/gcc/arm-none-eabi/7.3.1/thumb/v6-m/crti.o
                0x000000000800435c                _init
 .init          0x0000000008004360        0x8 /home/shay/a/ece362/Ac6/SystemWorkbench/plugins/fr.ac6.mcu.externaltools.arm-none.linux64_1.17.0.201812190825/tools/compiler/bin/../lib/gcc/arm-none-eabi/7.3.1/thumb/v6-m/crtn.o
 *(.fini)
 .fini          0x0000000008004368        0x4 /home/shay/a/ece362/Ac6/SystemWorkbench/plugins/fr.ac6.mcu.externaltools.arm-none.linux64_1.17.0.201812190825/tools/compiler/bin/../lib/gcc/arm-none-eabi/7.3.1/thumb/v6-m/crti.o
                0x0000000008004368                _fini
 .fini          0x000000000800436c        0x8 /home/shay/a/ece362/Ac6/SystemWorkbench/plugins/fr.ac6.mcu.externaltools.arm-none.linux64_1.17.0.201812190825/tools/compiler/bin/../lib/gcc/arm-none-eabi/7.3.1/thumb/v6-m/crtn.o
                0x0000000008004374                . = ALIGN (0x4)
                0x0000000008004374                _etext = .

.vfp11_veneer   0x0000000008004374        0x0
 .vfp11_veneer  0x0000000008004374        0x0 linker stubs

.v4_bx          0x0000000008004374        0x0
 .v4_bx         0x0000000008004374        0x0 linker stubs

.iplt           0x0000000008004374        0x0
 .iplt          0x0000000008004374        0x0 /home/shay/a/ece362/Ac6/SystemWorkbench/plugins/fr.ac6.mcu.externaltools.arm-none.linux64_1.17.0.201812190825/tools/compiler/bin/../lib/gcc/arm-none-eabi/7.3.1/thumb/v6-m/crtbegin.o

.rodata         0x0000000008004374      0x104
                0x0000000008004374                . = ALIGN (0x4)
 *(.rodata)
 .rodata        0x0000000008004374       0xf9 /home/shay/a/nfarook/workspace/lab0/src/autotest.o
 *(.rodata*)
 *fill*         0x000000000800446d        0x3 
 .rodata._global_impure_ptr
                0x0000000008004470        0x4 /home/shay/a/ece362/Ac6/SystemWorkbench/plugins/fr.ac6.mcu.externaltools.arm-none.linux64_1.17.0.201812190825/tools/compiler/bin/../lib/gcc/arm-none-eabi/7.3.1/../../../../arm-none-eabi/lib/thumb/v6-m/libc.a(lib_a-impure.o)
                0x0000000008004470                _global_impure_ptr
 .rodata._puts_r.str1.4
                0x0000000008004474        0x4 /home/shay/a/ece362/Ac6/SystemWorkbench/plugins/fr.ac6.mcu.externaltools.arm-none.linux64_1.17.0.201812190825/tools/compiler/bin/../lib/gcc/arm-none-eabi/7.3.1/../../../../arm-none-eabi/lib/thumb/v6-m/libc.a(lib_a-puts.o)
                                          0x2 (size before relaxing)
                0x0000000008004478                . = ALIGN (0x4)

.rel.dyn        0x0000000008004478        0x0
 .rel.iplt      0x0000000008004478        0x0 /home/shay/a/ece362/Ac6/SystemWorkbench/plugins/fr.ac6.mcu.externaltools.arm-none.linux64_1.17.0.201812190825/tools/compiler/bin/../lib/gcc/arm-none-eabi/7.3.1/thumb/v6-m/crtbegin.o

.ARM.extab      0x0000000008004478        0x0
                0x0000000008004478                . = ALIGN (0x4)
 *(.ARM.extab* .gnu.linkonce.armextab.*)
                0x0000000008004478                . = ALIGN (0x4)

.ARM            0x0000000008004478        0x0
                0x0000000008004478                . = ALIGN (0x4)
                0x0000000008004478                __exidx_start = .
 *(.ARM.exidx*)
                0x0000000008004478                __exidx_end = .
                0x0000000008004478                . = ALIGN (0x4)

.preinit_array  0x0000000008004478        0x0
                0x0000000008004478                . = ALIGN (0x4)
                0x0000000008004478                PROVIDE (__preinit_array_start = .)
 *(.preinit_array*)
                0x0000000008004478                PROVIDE (__preinit_array_end = .)
                0x0000000008004478                . = ALIGN (0x4)

.init_array     0x0000000008004478        0x8
                0x0000000008004478                . = ALIGN (0x4)
                0x0000000008004478                PROVIDE (__init_array_start = .)
 *(SORT_BY_NAME(.init_array.*))
 .init_array.00000
                0x0000000008004478        0x4 /home/shay/a/ece362/Ac6/SystemWorkbench/plugins/fr.ac6.mcu.externaltools.arm-none.linux64_1.17.0.201812190825/tools/compiler/bin/../lib/gcc/arm-none-eabi/7.3.1/../../../../arm-none-eabi/lib/thumb/v6-m/libc.a(lib_a-__call_atexit.o)
 *(.init_array*)
 .init_array    0x000000000800447c        0x4 /home/shay/a/ece362/Ac6/SystemWorkbench/plugins/fr.ac6.mcu.externaltools.arm-none.linux64_1.17.0.201812190825/tools/compiler/bin/../lib/gcc/arm-none-eabi/7.3.1/thumb/v6-m/crtbegin.o
                0x0000000008004480                PROVIDE (__init_array_end = .)
                0x0000000008004480                . = ALIGN (0x4)

.fini_array     0x0000000008004480        0x4
                0x0000000008004480                . = ALIGN (0x4)
                0x0000000008004480                PROVIDE (__fini_array_start = .)
 *(SORT_BY_NAME(.fini_array.*))
 *(.fini_array*)
 .fini_array    0x0000000008004480        0x4 /home/shay/a/ece362/Ac6/SystemWorkbench/plugins/fr.ac6.mcu.externaltools.arm-none.linux64_1.17.0.201812190825/tools/compiler/bin/../lib/gcc/arm-none-eabi/7.3.1/thumb/v6-m/crtbegin.o
                0x0000000008004484                PROVIDE (__fini_array_end = .)
                0x0000000008004484                . = ALIGN (0x4)
                0x0000000008004484                _sidata = LOADADDR (.data)

.data           0x0000000020000000      0x844 load address 0x0000000008004484
                0x0000000020000000                . = ALIGN (0x4)
                0x0000000020000000                _sdata = .
 *(.data)
 *(.data*)
 .data._impure_ptr
                0x0000000020000000        0x4 /home/shay/a/ece362/Ac6/SystemWorkbench/plugins/fr.ac6.mcu.externaltools.arm-none.linux64_1.17.0.201812190825/tools/compiler/bin/../lib/gcc/arm-none-eabi/7.3.1/../../../../arm-none-eabi/lib/thumb/v6-m/libc.a(lib_a-impure.o)
                0x0000000020000000                _impure_ptr
 *fill*         0x0000000020000004        0x4 
 .data.impure_data
                0x0000000020000008      0x428 /home/shay/a/ece362/Ac6/SystemWorkbench/plugins/fr.ac6.mcu.externaltools.arm-none.linux64_1.17.0.201812190825/tools/compiler/bin/../lib/gcc/arm-none-eabi/7.3.1/../../../../arm-none-eabi/lib/thumb/v6-m/libc.a(lib_a-impure.o)
 .data.__atexit_recursive_mutex
                0x0000000020000430        0x4 /home/shay/a/ece362/Ac6/SystemWorkbench/plugins/fr.ac6.mcu.externaltools.arm-none.linux64_1.17.0.201812190825/tools/compiler/bin/../lib/gcc/arm-none-eabi/7.3.1/../../../../arm-none-eabi/lib/thumb/v6-m/libc.a(lib_a-__call_atexit.o)
                0x0000000020000430                __atexit_recursive_mutex
 .data.__malloc_av_
                0x0000000020000434      0x408 /home/shay/a/ece362/Ac6/SystemWorkbench/plugins/fr.ac6.mcu.externaltools.arm-none.linux64_1.17.0.201812190825/tools/compiler/bin/../lib/gcc/arm-none-eabi/7.3.1/../../../../arm-none-eabi/lib/thumb/v6-m/libc.a(lib_a-mallocr.o)
                0x0000000020000434                __malloc_av_
 .data.__malloc_sbrk_base
                0x000000002000083c        0x4 /home/shay/a/ece362/Ac6/SystemWorkbench/plugins/fr.ac6.mcu.externaltools.arm-none.linux64_1.17.0.201812190825/tools/compiler/bin/../lib/gcc/arm-none-eabi/7.3.1/../../../../arm-none-eabi/lib/thumb/v6-m/libc.a(lib_a-mallocr.o)
                0x000000002000083c                __malloc_sbrk_base
 .data.__malloc_trim_threshold
                0x0000000020000840        0x4 /home/shay/a/ece362/Ac6/SystemWorkbench/plugins/fr.ac6.mcu.externaltools.arm-none.linux64_1.17.0.201812190825/tools/compiler/bin/../lib/gcc/arm-none-eabi/7.3.1/../../../../arm-none-eabi/lib/thumb/v6-m/libc.a(lib_a-mallocr.o)
                0x0000000020000840                __malloc_trim_threshold
                0x0000000020000844                . = ALIGN (0x4)
                0x0000000020000844                _edata = .

.igot.plt       0x0000000020000844        0x0 load address 0x0000000008004cc8
 .igot.plt      0x0000000020000844        0x0 /home/shay/a/ece362/Ac6/SystemWorkbench/plugins/fr.ac6.mcu.externaltools.arm-none.linux64_1.17.0.201812190825/tools/compiler/bin/../lib/gcc/arm-none-eabi/7.3.1/thumb/v6-m/crtbegin.o
                0x0000000020000844                . = ALIGN (0x4)

.bss            0x0000000020000844       0x80 load address 0x0000000008004cc8
                0x0000000020000844                _sbss = .
                0x0000000020000844                __bss_start__ = _sbss
 *(.bss)
 .bss           0x0000000020000844       0x1c /home/shay/a/ece362/Ac6/SystemWorkbench/plugins/fr.ac6.mcu.externaltools.arm-none.linux64_1.17.0.201812190825/tools/compiler/bin/../lib/gcc/arm-none-eabi/7.3.1/thumb/v6-m/crtbegin.o
 .bss           0x0000000020000860        0x8 src/syscalls.o
                0x0000000020000860                __env
 *(.bss*)
 .bss.__malloc_current_mallinfo
                0x0000000020000868       0x28 /home/shay/a/ece362/Ac6/SystemWorkbench/plugins/fr.ac6.mcu.externaltools.arm-none.linux64_1.17.0.201812190825/tools/compiler/bin/../lib/gcc/arm-none-eabi/7.3.1/../../../../arm-none-eabi/lib/thumb/v6-m/libc.a(lib_a-mallocr.o)
                0x0000000020000868                __malloc_current_mallinfo
 .bss.__malloc_max_sbrked_mem
                0x0000000020000890        0x4 /home/shay/a/ece362/Ac6/SystemWorkbench/plugins/fr.ac6.mcu.externaltools.arm-none.linux64_1.17.0.201812190825/tools/compiler/bin/../lib/gcc/arm-none-eabi/7.3.1/../../../../arm-none-eabi/lib/thumb/v6-m/libc.a(lib_a-mallocr.o)
                0x0000000020000890                __malloc_max_sbrked_mem
 .bss.__malloc_max_total_mem
                0x0000000020000894        0x4 /home/shay/a/ece362/Ac6/SystemWorkbench/plugins/fr.ac6.mcu.externaltools.arm-none.linux64_1.17.0.201812190825/tools/compiler/bin/../lib/gcc/arm-none-eabi/7.3.1/../../../../arm-none-eabi/lib/thumb/v6-m/libc.a(lib_a-mallocr.o)
                0x0000000020000894                __malloc_max_total_mem
 .bss.__malloc_top_pad
                0x0000000020000898        0x4 /home/shay/a/ece362/Ac6/SystemWorkbench/plugins/fr.ac6.mcu.externaltools.arm-none.linux64_1.17.0.201812190825/tools/compiler/bin/../lib/gcc/arm-none-eabi/7.3.1/../../../../arm-none-eabi/lib/thumb/v6-m/libc.a(lib_a-mallocr.o)
                0x0000000020000898                __malloc_top_pad
 *(COMMON)
 COMMON         0x000000002000089c       0x21 /home/shay/a/ece362/Ac6/SystemWorkbench/plugins/fr.ac6.mcu.externaltools.arm-none.linux64_1.17.0.201812190825/tools/compiler/bin/../lib/gcc/arm-none-eabi/7.3.1/../../../../arm-none-eabi/lib/thumb/v6-m/libc.a(lib_a-lock.o)
                0x000000002000089c                __lock___atexit_recursive_mutex
                0x00000000200008a0                __lock___arc4random_mutex
                0x00000000200008a4                __lock___env_recursive_mutex
                0x00000000200008a8                __lock___sinit_recursive_mutex
                0x00000000200008ac                __lock___malloc_recursive_mutex
                0x00000000200008b0                __lock___at_quick_exit_mutex
                0x00000000200008b4                __lock___dd_hash_mutex
                0x00000000200008b8                __lock___tz_mutex
                0x00000000200008bc                __lock___sfp_recursive_mutex
 *fill*         0x00000000200008bd        0x3 
 COMMON         0x00000000200008c0        0x4 /home/shay/a/ece362/Ac6/SystemWorkbench/plugins/fr.ac6.mcu.externaltools.arm-none.linux64_1.17.0.201812190825/tools/compiler/bin/../lib/gcc/arm-none-eabi/7.3.1/../../../../arm-none-eabi/lib/thumb/v6-m/libc.a(lib_a-reent.o)
                0x00000000200008c0                errno
                0x00000000200008c4                . = ALIGN (0x4)
                0x00000000200008c4                _ebss = .
                0x00000000200008c4                __bss_end__ = _ebss

._user_heap_stack
                0x00000000200008c4      0x404 load address 0x0000000008004cc8
                0x00000000200008c8                . = ALIGN (0x8)
 *fill*         0x00000000200008c4        0x4 
                0x00000000200008c8                PROVIDE (end = .)
                [!provide]                        PROVIDE (_end = .)
                0x00000000200008c8                . = (. + _Min_Heap_Size)
                0x0000000020000cc8                . = (. + _Min_Stack_Size)
 *fill*         0x00000000200008c8      0x400 
                0x0000000020000cc8                . = ALIGN (0x8)

/DISCARD/
 libc.a(*)
 libm.a(*)
 libgcc.a(*)

.ARM.attributes
                0x0000000000000000       0x28
 *(.ARM.attributes)
 .ARM.attributes
                0x0000000000000000       0x1e /home/shay/a/ece362/Ac6/SystemWorkbench/plugins/fr.ac6.mcu.externaltools.arm-none.linux64_1.17.0.201812190825/tools/compiler/bin/../lib/gcc/arm-none-eabi/7.3.1/thumb/v6-m/crti.o
 .ARM.attributes
                0x000000000000001e       0x2c /home/shay/a/ece362/Ac6/SystemWorkbench/plugins/fr.ac6.mcu.externaltools.arm-none.linux64_1.17.0.201812190825/tools/compiler/bin/../lib/gcc/arm-none-eabi/7.3.1/thumb/v6-m/crtbegin.o
 .ARM.attributes
                0x000000000000004a       0x21 src/lab0.o
 .ARM.attributes
                0x000000000000006b       0x31 src/syscalls.o
 .ARM.attributes
                0x000000000000009c       0x31 src/system_stm32f0xx.o
 .ARM.attributes
                0x00000000000000cd       0x21 startup/startup_stm32.o
 .ARM.attributes
                0x00000000000000ee       0x31 /home/shay/a/nfarook/workspace/lab0/src/autotest.o
 .ARM.attributes
                0x000000000000011f       0x1e /home/shay/a/ece362/Ac6/SystemWorkbench/plugins/fr.ac6.mcu.externaltools.arm-none.linux64_1.17.0.201812190825/tools/compiler/bin/../lib/gcc/arm-none-eabi/7.3.1/thumb/v6-m/libgcc.a(_dvmd_tls.o)
 .ARM.attributes
                0x000000000000013d       0x2c /home/shay/a/ece362/Ac6/SystemWorkbench/plugins/fr.ac6.mcu.externaltools.arm-none.linux64_1.17.0.201812190825/tools/compiler/bin/../lib/gcc/arm-none-eabi/7.3.1/../../../../arm-none-eabi/lib/thumb/v6-m/libc.a(lib_a-errno.o)
 .ARM.attributes
                0x0000000000000169       0x2c /home/shay/a/ece362/Ac6/SystemWorkbench/plugins/fr.ac6.mcu.externaltools.arm-none.linux64_1.17.0.201812190825/tools/compiler/bin/../lib/gcc/arm-none-eabi/7.3.1/../../../../arm-none-eabi/lib/thumb/v6-m/libc.a(lib_a-impure.o)
 .ARM.attributes
                0x0000000000000195       0x2c /home/shay/a/ece362/Ac6/SystemWorkbench/plugins/fr.ac6.mcu.externaltools.arm-none.linux64_1.17.0.201812190825/tools/compiler/bin/../lib/gcc/arm-none-eabi/7.3.1/../../../../arm-none-eabi/lib/thumb/v6-m/libc.a(lib_a-init.o)
 .ARM.attributes
                0x00000000000001c1       0x2c /home/shay/a/ece362/Ac6/SystemWorkbench/plugins/fr.ac6.mcu.externaltools.arm-none.linux64_1.17.0.201812190825/tools/compiler/bin/../lib/gcc/arm-none-eabi/7.3.1/../../../../arm-none-eabi/lib/thumb/v6-m/libc.a(lib_a-memcpy-stub.o)
 .ARM.attributes
                0x00000000000001ed       0x2c /home/shay/a/ece362/Ac6/SystemWorkbench/plugins/fr.ac6.mcu.externaltools.arm-none.linux64_1.17.0.201812190825/tools/compiler/bin/../lib/gcc/arm-none-eabi/7.3.1/../../../../arm-none-eabi/lib/thumb/v6-m/libc.a(lib_a-memset.o)
 .ARM.attributes
                0x0000000000000219       0x2c /home/shay/a/ece362/Ac6/SystemWorkbench/plugins/fr.ac6.mcu.externaltools.arm-none.linux64_1.17.0.201812190825/tools/compiler/bin/../lib/gcc/arm-none-eabi/7.3.1/../../../../arm-none-eabi/lib/thumb/v6-m/libc.a(lib_a-puts.o)
 .ARM.attributes
                0x0000000000000245       0x2c /home/shay/a/ece362/Ac6/SystemWorkbench/plugins/fr.ac6.mcu.externaltools.arm-none.linux64_1.17.0.201812190825/tools/compiler/bin/../lib/gcc/arm-none-eabi/7.3.1/../../../../arm-none-eabi/lib/thumb/v6-m/libc.a(lib_a-random.o)
 .ARM.attributes
                0x0000000000000271       0x1b /home/shay/a/ece362/Ac6/SystemWorkbench/plugins/fr.ac6.mcu.externaltools.arm-none.linux64_1.17.0.201812190825/tools/compiler/bin/../lib/gcc/arm-none-eabi/7.3.1/../../../../arm-none-eabi/lib/thumb/v6-m/libc.a(lib_a-strcmp.o)
 .ARM.attributes
                0x000000000000028c       0x2c /home/shay/a/ece362/Ac6/SystemWorkbench/plugins/fr.ac6.mcu.externaltools.arm-none.linux64_1.17.0.201812190825/tools/compiler/bin/../lib/gcc/arm-none-eabi/7.3.1/../../../../arm-none-eabi/lib/thumb/v6-m/libc.a(lib_a-strlen-stub.o)
 .ARM.attributes
                0x00000000000002b8       0x2c /home/shay/a/ece362/Ac6/SystemWorkbench/plugins/fr.ac6.mcu.externaltools.arm-none.linux64_1.17.0.201812190825/tools/compiler/bin/../lib/gcc/arm-none-eabi/7.3.1/../../../../arm-none-eabi/lib/thumb/v6-m/libc.a(lib_a-strncpy.o)
 .ARM.attributes
                0x00000000000002e4       0x2c /home/shay/a/ece362/Ac6/SystemWorkbench/plugins/fr.ac6.mcu.externaltools.arm-none.linux64_1.17.0.201812190825/tools/compiler/bin/../lib/gcc/arm-none-eabi/7.3.1/../../../../arm-none-eabi/lib/thumb/v6-m/libc.a(lib_a-__call_atexit.o)
 .ARM.attributes
                0x0000000000000310       0x2c /home/shay/a/ece362/Ac6/SystemWorkbench/plugins/fr.ac6.mcu.externaltools.arm-none.linux64_1.17.0.201812190825/tools/compiler/bin/../lib/gcc/arm-none-eabi/7.3.1/../../../../arm-none-eabi/lib/thumb/v6-m/libc.a(lib_a-atexit.o)
 .ARM.attributes
                0x000000000000033c       0x2c /home/shay/a/ece362/Ac6/SystemWorkbench/plugins/fr.ac6.mcu.externaltools.arm-none.linux64_1.17.0.201812190825/tools/compiler/bin/../lib/gcc/arm-none-eabi/7.3.1/../../../../arm-none-eabi/lib/thumb/v6-m/libc.a(lib_a-findfp.o)
 .ARM.attributes
                0x0000000000000368       0x2c /home/shay/a/ece362/Ac6/SystemWorkbench/plugins/fr.ac6.mcu.externaltools.arm-none.linux64_1.17.0.201812190825/tools/compiler/bin/../lib/gcc/arm-none-eabi/7.3.1/../../../../arm-none-eabi/lib/thumb/v6-m/libc.a(lib_a-fini.o)
 .ARM.attributes
                0x0000000000000394       0x2c /home/shay/a/ece362/Ac6/SystemWorkbench/plugins/fr.ac6.mcu.externaltools.arm-none.linux64_1.17.0.201812190825/tools/compiler/bin/../lib/gcc/arm-none-eabi/7.3.1/../../../../arm-none-eabi/lib/thumb/v6-m/libc.a(lib_a-fvwrite.o)
 .ARM.attributes
                0x00000000000003c0       0x2c /home/shay/a/ece362/Ac6/SystemWorkbench/plugins/fr.ac6.mcu.externaltools.arm-none.linux64_1.17.0.201812190825/tools/compiler/bin/../lib/gcc/arm-none-eabi/7.3.1/../../../../arm-none-eabi/lib/thumb/v6-m/libc.a(lib_a-fwalk.o)
 .ARM.attributes
                0x00000000000003ec       0x2c /home/shay/a/ece362/Ac6/SystemWorkbench/plugins/fr.ac6.mcu.externaltools.arm-none.linux64_1.17.0.201812190825/tools/compiler/bin/../lib/gcc/arm-none-eabi/7.3.1/../../../../arm-none-eabi/lib/thumb/v6-m/libc.a(lib_a-lock.o)
 .ARM.attributes
                0x0000000000000418       0x2c /home/shay/a/ece362/Ac6/SystemWorkbench/plugins/fr.ac6.mcu.externaltools.arm-none.linux64_1.17.0.201812190825/tools/compiler/bin/../lib/gcc/arm-none-eabi/7.3.1/../../../../arm-none-eabi/lib/thumb/v6-m/libc.a(lib_a-mallocr.o)
 .ARM.attributes
                0x0000000000000444       0x2c /home/shay/a/ece362/Ac6/SystemWorkbench/plugins/fr.ac6.mcu.externaltools.arm-none.linux64_1.17.0.201812190825/tools/compiler/bin/../lib/gcc/arm-none-eabi/7.3.1/../../../../arm-none-eabi/lib/thumb/v6-m/libc.a(lib_a-memchr-stub.o)
 .ARM.attributes
                0x0000000000000470       0x2c /home/shay/a/ece362/Ac6/SystemWorkbench/plugins/fr.ac6.mcu.externaltools.arm-none.linux64_1.17.0.201812190825/tools/compiler/bin/../lib/gcc/arm-none-eabi/7.3.1/../../../../arm-none-eabi/lib/thumb/v6-m/libc.a(lib_a-memmove.o)
 .ARM.attributes
                0x000000000000049c       0x2c /home/shay/a/ece362/Ac6/SystemWorkbench/plugins/fr.ac6.mcu.externaltools.arm-none.linux64_1.17.0.201812190825/tools/compiler/bin/../lib/gcc/arm-none-eabi/7.3.1/../../../../arm-none-eabi/lib/thumb/v6-m/libc.a(lib_a-mlock.o)
 .ARM.attributes
                0x00000000000004c8       0x2c /home/shay/a/ece362/Ac6/SystemWorkbench/plugins/fr.ac6.mcu.externaltools.arm-none.linux64_1.17.0.201812190825/tools/compiler/bin/../lib/gcc/arm-none-eabi/7.3.1/../../../../arm-none-eabi/lib/thumb/v6-m/libc.a(lib_a-reallocr.o)
 .ARM.attributes
                0x00000000000004f4       0x2c /home/shay/a/ece362/Ac6/SystemWorkbench/plugins/fr.ac6.mcu.externaltools.arm-none.linux64_1.17.0.201812190825/tools/compiler/bin/../lib/gcc/arm-none-eabi/7.3.1/../../../../arm-none-eabi/lib/thumb/v6-m/libc.a(lib_a-sbrkr.o)
 .ARM.attributes
                0x0000000000000520       0x2c /home/shay/a/ece362/Ac6/SystemWorkbench/plugins/fr.ac6.mcu.externaltools.arm-none.linux64_1.17.0.201812190825/tools/compiler/bin/../lib/gcc/arm-none-eabi/7.3.1/../../../../arm-none-eabi/lib/thumb/v6-m/libc.a(lib_a-stdio.o)
 .ARM.attributes
                0x000000000000054c       0x2c /home/shay/a/ece362/Ac6/SystemWorkbench/plugins/fr.ac6.mcu.externaltools.arm-none.linux64_1.17.0.201812190825/tools/compiler/bin/../lib/gcc/arm-none-eabi/7.3.1/../../../../arm-none-eabi/lib/thumb/v6-m/libc.a(lib_a-writer.o)
 .ARM.attributes
                0x0000000000000578       0x2c /home/shay/a/ece362/Ac6/SystemWorkbench/plugins/fr.ac6.mcu.externaltools.arm-none.linux64_1.17.0.201812190825/tools/compiler/bin/../lib/gcc/arm-none-eabi/7.3.1/../../../../arm-none-eabi/lib/thumb/v6-m/libc.a(lib_a-wsetup.o)
 .ARM.attributes
                0x00000000000005a4       0x2c /home/shay/a/ece362/Ac6/SystemWorkbench/plugins/fr.ac6.mcu.externaltools.arm-none.linux64_1.17.0.201812190825/tools/compiler/bin/../lib/gcc/arm-none-eabi/7.3.1/../../../../arm-none-eabi/lib/thumb/v6-m/libc.a(lib_a-__atexit.o)
 .ARM.attributes
                0x00000000000005d0       0x2c /home/shay/a/ece362/Ac6/SystemWorkbench/plugins/fr.ac6.mcu.externaltools.arm-none.linux64_1.17.0.201812190825/tools/compiler/bin/../lib/gcc/arm-none-eabi/7.3.1/../../../../arm-none-eabi/lib/thumb/v6-m/libc.a(lib_a-closer.o)
 .ARM.attributes
                0x00000000000005fc       0x2c /home/shay/a/ece362/Ac6/SystemWorkbench/plugins/fr.ac6.mcu.externaltools.arm-none.linux64_1.17.0.201812190825/tools/compiler/bin/../lib/gcc/arm-none-eabi/7.3.1/../../../../arm-none-eabi/lib/thumb/v6-m/libc.a(lib_a-fclose.o)
 .ARM.attributes
                0x0000000000000628       0x2c /home/shay/a/ece362/Ac6/SystemWorkbench/plugins/fr.ac6.mcu.externaltools.arm-none.linux64_1.17.0.201812190825/tools/compiler/bin/../lib/gcc/arm-none-eabi/7.3.1/../../../../arm-none-eabi/lib/thumb/v6-m/libc.a(lib_a-fflush.o)
 .ARM.attributes
                0x0000000000000654       0x2c /home/shay/a/ece362/Ac6/SystemWorkbench/plugins/fr.ac6.mcu.externaltools.arm-none.linux64_1.17.0.201812190825/tools/compiler/bin/../lib/gcc/arm-none-eabi/7.3.1/../../../../arm-none-eabi/lib/thumb/v6-m/libc.a(lib_a-freer.o)
 .ARM.attributes
                0x0000000000000680       0x2c /home/shay/a/ece362/Ac6/SystemWorkbench/plugins/fr.ac6.mcu.externaltools.arm-none.linux64_1.17.0.201812190825/tools/compiler/bin/../lib/gcc/arm-none-eabi/7.3.1/../../../../arm-none-eabi/lib/thumb/v6-m/libc.a(lib_a-lseekr.o)
 .ARM.attributes
                0x00000000000006ac       0x2c /home/shay/a/ece362/Ac6/SystemWorkbench/plugins/fr.ac6.mcu.externaltools.arm-none.linux64_1.17.0.201812190825/tools/compiler/bin/../lib/gcc/arm-none-eabi/7.3.1/../../../../arm-none-eabi/lib/thumb/v6-m/libc.a(lib_a-makebuf.o)
 .ARM.attributes
                0x00000000000006d8       0x2c /home/shay/a/ece362/Ac6/SystemWorkbench/plugins/fr.ac6.mcu.externaltools.arm-none.linux64_1.17.0.201812190825/tools/compiler/bin/../lib/gcc/arm-none-eabi/7.3.1/../../../../arm-none-eabi/lib/thumb/v6-m/libc.a(lib_a-readr.o)
 .ARM.attributes
                0x0000000000000704       0x2c /home/shay/a/ece362/Ac6/SystemWorkbench/plugins/fr.ac6.mcu.externaltools.arm-none.linux64_1.17.0.201812190825/tools/compiler/bin/../lib/gcc/arm-none-eabi/7.3.1/../../../../arm-none-eabi/lib/thumb/v6-m/libc.a(lib_a-reent.o)
 .ARM.attributes
                0x0000000000000730       0x2c /home/shay/a/ece362/Ac6/SystemWorkbench/plugins/fr.ac6.mcu.externaltools.arm-none.linux64_1.17.0.201812190825/tools/compiler/bin/../lib/gcc/arm-none-eabi/7.3.1/../../../../arm-none-eabi/lib/thumb/v6-m/libc.a(lib_a-fstatr.o)
 .ARM.attributes
                0x000000000000075c       0x2c /home/shay/a/ece362/Ac6/SystemWorkbench/plugins/fr.ac6.mcu.externaltools.arm-none.linux64_1.17.0.201812190825/tools/compiler/bin/../lib/gcc/arm-none-eabi/7.3.1/../../../../arm-none-eabi/lib/thumb/v6-m/libc.a(lib_a-isattyr.o)
 .ARM.attributes
                0x0000000000000788       0x1e /home/shay/a/ece362/Ac6/SystemWorkbench/plugins/fr.ac6.mcu.externaltools.arm-none.linux64_1.17.0.201812190825/tools/compiler/bin/../lib/gcc/arm-none-eabi/7.3.1/thumb/v6-m/libgcc.a(_divsi3.o)
 .ARM.attributes
                0x00000000000007a6       0x1e /home/shay/a/ece362/Ac6/SystemWorkbench/plugins/fr.ac6.mcu.externaltools.arm-none.linux64_1.17.0.201812190825/tools/compiler/bin/../lib/gcc/arm-none-eabi/7.3.1/thumb/v6-m/crtn.o
OUTPUT(lab0.elf elf32-littlearm)

.debug_line     0x0000000000000000      0xd3f
 .debug_line    0x0000000000000000       0x42 src/lab0.o
 .debug_line    0x0000000000000042      0x62b src/syscalls.o
 .debug_line    0x000000000000066d      0x656 src/system_stm32f0xx.o
 .debug_line    0x0000000000000cc3       0x7c startup/startup_stm32.o

.debug_info     0x0000000000000000     0x127c
 .debug_info    0x0000000000000000       0x26 src/lab0.o
 .debug_info    0x0000000000000026      0xf2e src/syscalls.o
 .debug_info    0x0000000000000f54      0x306 src/system_stm32f0xx.o
 .debug_info    0x000000000000125a       0x22 startup/startup_stm32.o

.debug_abbrev   0x0000000000000000      0x42b
 .debug_abbrev  0x0000000000000000       0x14 src/lab0.o
 .debug_abbrev  0x0000000000000014      0x2aa src/syscalls.o
 .debug_abbrev  0x00000000000002be      0x15b src/system_stm32f0xx.o
 .debug_abbrev  0x0000000000000419       0x12 startup/startup_stm32.o

.debug_aranges  0x0000000000000000      0x128
 .debug_aranges
                0x0000000000000000       0x20 src/lab0.o
 .debug_aranges
                0x0000000000000020       0xb0 src/syscalls.o
 .debug_aranges
                0x00000000000000d0       0x30 src/system_stm32f0xx.o
 .debug_aranges
                0x0000000000000100       0x28 startup/startup_stm32.o

.debug_str      0x0000000000000000    0x4fb5e
 .debug_str     0x0000000000000000       0x46 src/lab0.o
 .debug_str     0x0000000000000046     0x8286 src/syscalls.o
                                       0x84e5 (size before relaxing)
 .debug_str     0x00000000000082cc    0x47877 src/system_stm32f0xx.o
                                      0x4aa8d (size before relaxing)
 .debug_str     0x000000000004fb43       0x1b startup/startup_stm32.o
                                         0x53 (size before relaxing)

.debug_ranges   0x0000000000000000       0xe0
 .debug_ranges  0x0000000000000000       0xa0 src/syscalls.o
 .debug_ranges  0x00000000000000a0       0x20 src/system_stm32f0xx.o
 .debug_ranges  0x00000000000000c0       0x20 startup/startup_stm32.o

.debug_macro    0x0000000000000000     0x1724
 .debug_macro   0x0000000000000000      0x243 src/syscalls.o
 .debug_macro   0x0000000000000243       0x58 src/syscalls.o
 .debug_macro   0x000000000000029b       0x18 src/syscalls.o
 .debug_macro   0x00000000000002b3       0x94 src/syscalls.o
 .debug_macro   0x0000000000000347       0x35 src/syscalls.o
 .debug_macro   0x000000000000037c       0x34 src/syscalls.o
 .debug_macro   0x00000000000003b0       0x57 src/syscalls.o
 .debug_macro   0x0000000000000407      0x174 src/syscalls.o
 .debug_macro   0x000000000000057b      0x330 src/syscalls.o
 .debug_macro   0x00000000000008ab       0x58 src/syscalls.o
 .debug_macro   0x0000000000000903       0x1f src/syscalls.o
 .debug_macro   0x0000000000000922       0x43 src/syscalls.o
 .debug_macro   0x0000000000000965       0x20 src/syscalls.o
 .debug_macro   0x0000000000000985      0x18e src/syscalls.o
 .debug_macro   0x0000000000000b13       0x10 src/syscalls.o
 .debug_macro   0x0000000000000b23       0x35 src/syscalls.o
 .debug_macro   0x0000000000000b58       0x10 src/syscalls.o
 .debug_macro   0x0000000000000b68       0x10 src/syscalls.o
 .debug_macro   0x0000000000000b78       0x10 src/syscalls.o
 .debug_macro   0x0000000000000b88       0x1c src/syscalls.o
 .debug_macro   0x0000000000000ba4       0x52 src/syscalls.o
 .debug_macro   0x0000000000000bf6       0x40 src/syscalls.o
 .debug_macro   0x0000000000000c36       0x10 src/syscalls.o
 .debug_macro   0x0000000000000c46       0x40 src/syscalls.o
 .debug_macro   0x0000000000000c86       0xd7 src/syscalls.o
 .debug_macro   0x0000000000000d5d       0x1c src/syscalls.o
 .debug_macro   0x0000000000000d79       0x3d src/syscalls.o
 .debug_macro   0x0000000000000db6       0x35 src/syscalls.o
 .debug_macro   0x0000000000000deb      0x122 src/syscalls.o
 .debug_macro   0x0000000000000f0d       0x16 src/syscalls.o
 .debug_macro   0x0000000000000f23       0x16 src/syscalls.o
 .debug_macro   0x0000000000000f39       0x29 src/syscalls.o
 .debug_macro   0x0000000000000f62       0x10 src/syscalls.o
 .debug_macro   0x0000000000000f72      0x241 src/syscalls.o
 .debug_macro   0x00000000000011b3       0x1c src/syscalls.o
 .debug_macro   0x00000000000011cf       0x10 src/syscalls.o
 .debug_macro   0x00000000000011df       0x10 src/syscalls.o
 .debug_macro   0x00000000000011ef       0x16 src/syscalls.o
 .debug_macro   0x0000000000001205      0x16f src/syscalls.o
 .debug_macro   0x0000000000001374      0x189 src/syscalls.o
 .debug_macro   0x00000000000014fd       0x16 src/syscalls.o
 .debug_macro   0x0000000000001513       0x88 src/syscalls.o
 .debug_macro   0x000000000000159b      0x189 src/system_stm32f0xx.o

.comment        0x0000000000000000       0x7f
 .comment       0x0000000000000000       0x7f src/syscalls.o
                                         0x80 (size before relaxing)
 .comment       0x000000000000007f       0x80 src/system_stm32f0xx.o
 .comment       0x000000000000007f       0x80 /home/shay/a/nfarook/workspace/lab0/src/autotest.o

.debug_frame    0x0000000000000000      0xcd0
 .debug_frame   0x0000000000000000      0x264 src/syscalls.o
 .debug_frame   0x0000000000000264       0x6c src/system_stm32f0xx.o
 .debug_frame   0x00000000000002d0       0x20 /home/shay/a/ece362/Ac6/SystemWorkbench/plugins/fr.ac6.mcu.externaltools.arm-none.linux64_1.17.0.201812190825/tools/compiler/bin/../lib/gcc/arm-none-eabi/7.3.1/../../../../arm-none-eabi/lib/thumb/v6-m/libc.a(lib_a-errno.o)
 .debug_frame   0x00000000000002f0       0x2c /home/shay/a/ece362/Ac6/SystemWorkbench/plugins/fr.ac6.mcu.externaltools.arm-none.linux64_1.17.0.201812190825/tools/compiler/bin/../lib/gcc/arm-none-eabi/7.3.1/../../../../arm-none-eabi/lib/thumb/v6-m/libc.a(lib_a-init.o)
 .debug_frame   0x000000000000031c       0x30 /home/shay/a/ece362/Ac6/SystemWorkbench/plugins/fr.ac6.mcu.externaltools.arm-none.linux64_1.17.0.201812190825/tools/compiler/bin/../lib/gcc/arm-none-eabi/7.3.1/../../../../arm-none-eabi/lib/thumb/v6-m/libc.a(lib_a-memcpy-stub.o)
 .debug_frame   0x000000000000034c       0x30 /home/shay/a/ece362/Ac6/SystemWorkbench/plugins/fr.ac6.mcu.externaltools.arm-none.linux64_1.17.0.201812190825/tools/compiler/bin/../lib/gcc/arm-none-eabi/7.3.1/../../../../arm-none-eabi/lib/thumb/v6-m/libc.a(lib_a-memset.o)
 .debug_frame   0x000000000000037c       0x44 /home/shay/a/ece362/Ac6/SystemWorkbench/plugins/fr.ac6.mcu.externaltools.arm-none.linux64_1.17.0.201812190825/tools/compiler/bin/../lib/gcc/arm-none-eabi/7.3.1/../../../../arm-none-eabi/lib/thumb/v6-m/libc.a(lib_a-puts.o)
 .debug_frame   0x00000000000003c0       0x38 /home/shay/a/ece362/Ac6/SystemWorkbench/plugins/fr.ac6.mcu.externaltools.arm-none.linux64_1.17.0.201812190825/tools/compiler/bin/../lib/gcc/arm-none-eabi/7.3.1/../../../../arm-none-eabi/lib/thumb/v6-m/libc.a(lib_a-random.o)
 .debug_frame   0x00000000000003f8       0x20 /home/shay/a/ece362/Ac6/SystemWorkbench/plugins/fr.ac6.mcu.externaltools.arm-none.linux64_1.17.0.201812190825/tools/compiler/bin/../lib/gcc/arm-none-eabi/7.3.1/../../../../arm-none-eabi/lib/thumb/v6-m/libc.a(lib_a-strcmp.o)
 .debug_frame   0x0000000000000418       0x28 /home/shay/a/ece362/Ac6/SystemWorkbench/plugins/fr.ac6.mcu.externaltools.arm-none.linux64_1.17.0.201812190825/tools/compiler/bin/../lib/gcc/arm-none-eabi/7.3.1/../../../../arm-none-eabi/lib/thumb/v6-m/libc.a(lib_a-strlen-stub.o)
 .debug_frame   0x0000000000000440       0x34 /home/shay/a/ece362/Ac6/SystemWorkbench/plugins/fr.ac6.mcu.externaltools.arm-none.linux64_1.17.0.201812190825/tools/compiler/bin/../lib/gcc/arm-none-eabi/7.3.1/../../../../arm-none-eabi/lib/thumb/v6-m/libc.a(lib_a-strncpy.o)
 .debug_frame   0x0000000000000474       0x54 /home/shay/a/ece362/Ac6/SystemWorkbench/plugins/fr.ac6.mcu.externaltools.arm-none.linux64_1.17.0.201812190825/tools/compiler/bin/../lib/gcc/arm-none-eabi/7.3.1/../../../../arm-none-eabi/lib/thumb/v6-m/libc.a(lib_a-__call_atexit.o)
 .debug_frame   0x00000000000004c8       0x28 /home/shay/a/ece362/Ac6/SystemWorkbench/plugins/fr.ac6.mcu.externaltools.arm-none.linux64_1.17.0.201812190825/tools/compiler/bin/../lib/gcc/arm-none-eabi/7.3.1/../../../../arm-none-eabi/lib/thumb/v6-m/libc.a(lib_a-atexit.o)
 .debug_frame   0x00000000000004f0      0x170 /home/shay/a/ece362/Ac6/SystemWorkbench/plugins/fr.ac6.mcu.externaltools.arm-none.linux64_1.17.0.201812190825/tools/compiler/bin/../lib/gcc/arm-none-eabi/7.3.1/../../../../arm-none-eabi/lib/thumb/v6-m/libc.a(lib_a-findfp.o)
 .debug_frame   0x0000000000000660       0x2c /home/shay/a/ece362/Ac6/SystemWorkbench/plugins/fr.ac6.mcu.externaltools.arm-none.linux64_1.17.0.201812190825/tools/compiler/bin/../lib/gcc/arm-none-eabi/7.3.1/../../../../arm-none-eabi/lib/thumb/v6-m/libc.a(lib_a-fini.o)
 .debug_frame   0x000000000000068c       0x3c /home/shay/a/ece362/Ac6/SystemWorkbench/plugins/fr.ac6.mcu.externaltools.arm-none.linux64_1.17.0.201812190825/tools/compiler/bin/../lib/gcc/arm-none-eabi/7.3.1/../../../../arm-none-eabi/lib/thumb/v6-m/libc.a(lib_a-fvwrite.o)
 .debug_frame   0x00000000000006c8       0x5c /home/shay/a/ece362/Ac6/SystemWorkbench/plugins/fr.ac6.mcu.externaltools.arm-none.linux64_1.17.0.201812190825/tools/compiler/bin/../lib/gcc/arm-none-eabi/7.3.1/../../../../arm-none-eabi/lib/thumb/v6-m/libc.a(lib_a-fwalk.o)
 .debug_frame   0x0000000000000724       0xb0 /home/shay/a/ece362/Ac6/SystemWorkbench/plugins/fr.ac6.mcu.externaltools.arm-none.linux64_1.17.0.201812190825/tools/compiler/bin/../lib/gcc/arm-none-eabi/7.3.1/../../../../arm-none-eabi/lib/thumb/v6-m/libc.a(lib_a-lock.o)
 .debug_frame   0x00000000000007d4       0x3c /home/shay/a/ece362/Ac6/SystemWorkbench/plugins/fr.ac6.mcu.externaltools.arm-none.linux64_1.17.0.201812190825/tools/compiler/bin/../lib/gcc/arm-none-eabi/7.3.1/../../../../arm-none-eabi/lib/thumb/v6-m/libc.a(lib_a-mallocr.o)
 .debug_frame   0x0000000000000810       0x2c /home/shay/a/ece362/Ac6/SystemWorkbench/plugins/fr.ac6.mcu.externaltools.arm-none.linux64_1.17.0.201812190825/tools/compiler/bin/../lib/gcc/arm-none-eabi/7.3.1/../../../../arm-none-eabi/lib/thumb/v6-m/libc.a(lib_a-memchr-stub.o)
 .debug_frame   0x000000000000083c       0x30 /home/shay/a/ece362/Ac6/SystemWorkbench/plugins/fr.ac6.mcu.externaltools.arm-none.linux64_1.17.0.201812190825/tools/compiler/bin/../lib/gcc/arm-none-eabi/7.3.1/../../../../arm-none-eabi/lib/thumb/v6-m/libc.a(lib_a-memmove.o)
 .debug_frame   0x000000000000086c       0x40 /home/shay/a/ece362/Ac6/SystemWorkbench/plugins/fr.ac6.mcu.externaltools.arm-none.linux64_1.17.0.201812190825/tools/compiler/bin/../lib/gcc/arm-none-eabi/7.3.1/../../../../arm-none-eabi/lib/thumb/v6-m/libc.a(lib_a-mlock.o)
 .debug_frame   0x00000000000008ac       0x3c /home/shay/a/ece362/Ac6/SystemWorkbench/plugins/fr.ac6.mcu.externaltools.arm-none.linux64_1.17.0.201812190825/tools/compiler/bin/../lib/gcc/arm-none-eabi/7.3.1/../../../../arm-none-eabi/lib/thumb/v6-m/libc.a(lib_a-reallocr.o)
 .debug_frame   0x00000000000008e8       0x2c /home/shay/a/ece362/Ac6/SystemWorkbench/plugins/fr.ac6.mcu.externaltools.arm-none.linux64_1.17.0.201812190825/tools/compiler/bin/../lib/gcc/arm-none-eabi/7.3.1/../../../../arm-none-eabi/lib/thumb/v6-m/libc.a(lib_a-sbrkr.o)
 .debug_frame   0x0000000000000914       0x90 /home/shay/a/ece362/Ac6/SystemWorkbench/plugins/fr.ac6.mcu.externaltools.arm-none.linux64_1.17.0.201812190825/tools/compiler/bin/../lib/gcc/arm-none-eabi/7.3.1/../../../../arm-none-eabi/lib/thumb/v6-m/libc.a(lib_a-stdio.o)
 .debug_frame   0x00000000000009a4       0x2c /home/shay/a/ece362/Ac6/SystemWorkbench/plugins/fr.ac6.mcu.externaltools.arm-none.linux64_1.17.0.201812190825/tools/compiler/bin/../lib/gcc/arm-none-eabi/7.3.1/../../../../arm-none-eabi/lib/thumb/v6-m/libc.a(lib_a-writer.o)
 .debug_frame   0x00000000000009d0       0x2c /home/shay/a/ece362/Ac6/SystemWorkbench/plugins/fr.ac6.mcu.externaltools.arm-none.linux64_1.17.0.201812190825/tools/compiler/bin/../lib/gcc/arm-none-eabi/7.3.1/../../../../arm-none-eabi/lib/thumb/v6-m/libc.a(lib_a-wsetup.o)
 .debug_frame   0x00000000000009fc       0x3c /home/shay/a/ece362/Ac6/SystemWorkbench/plugins/fr.ac6.mcu.externaltools.arm-none.linux64_1.17.0.201812190825/tools/compiler/bin/../lib/gcc/arm-none-eabi/7.3.1/../../../../arm-none-eabi/lib/thumb/v6-m/libc.a(lib_a-__atexit.o)
 .debug_frame   0x0000000000000a38       0x2c /home/shay/a/ece362/Ac6/SystemWorkbench/plugins/fr.ac6.mcu.externaltools.arm-none.linux64_1.17.0.201812190825/tools/compiler/bin/../lib/gcc/arm-none-eabi/7.3.1/../../../../arm-none-eabi/lib/thumb/v6-m/libc.a(lib_a-closer.o)
 .debug_frame   0x0000000000000a64       0x44 /home/shay/a/ece362/Ac6/SystemWorkbench/plugins/fr.ac6.mcu.externaltools.arm-none.linux64_1.17.0.201812190825/tools/compiler/bin/../lib/gcc/arm-none-eabi/7.3.1/../../../../arm-none-eabi/lib/thumb/v6-m/libc.a(lib_a-fclose.o)
 .debug_frame   0x0000000000000aa8       0x68 /home/shay/a/ece362/Ac6/SystemWorkbench/plugins/fr.ac6.mcu.externaltools.arm-none.linux64_1.17.0.201812190825/tools/compiler/bin/../lib/gcc/arm-none-eabi/7.3.1/../../../../arm-none-eabi/lib/thumb/v6-m/libc.a(lib_a-fflush.o)
 .debug_frame   0x0000000000000b10       0x58 /home/shay/a/ece362/Ac6/SystemWorkbench/plugins/fr.ac6.mcu.externaltools.arm-none.linux64_1.17.0.201812190825/tools/compiler/bin/../lib/gcc/arm-none-eabi/7.3.1/../../../../arm-none-eabi/lib/thumb/v6-m/libc.a(lib_a-freer.o)
 .debug_frame   0x0000000000000b68       0x2c /home/shay/a/ece362/Ac6/SystemWorkbench/plugins/fr.ac6.mcu.externaltools.arm-none.linux64_1.17.0.201812190825/tools/compiler/bin/../lib/gcc/arm-none-eabi/7.3.1/../../../../arm-none-eabi/lib/thumb/v6-m/libc.a(lib_a-lseekr.o)
 .debug_frame   0x0000000000000b94       0x50 /home/shay/a/ece362/Ac6/SystemWorkbench/plugins/fr.ac6.mcu.externaltools.arm-none.linux64_1.17.0.201812190825/tools/compiler/bin/../lib/gcc/arm-none-eabi/7.3.1/../../../../arm-none-eabi/lib/thumb/v6-m/libc.a(lib_a-makebuf.o)
 .debug_frame   0x0000000000000be4       0x2c /home/shay/a/ece362/Ac6/SystemWorkbench/plugins/fr.ac6.mcu.externaltools.arm-none.linux64_1.17.0.201812190825/tools/compiler/bin/../lib/gcc/arm-none-eabi/7.3.1/../../../../arm-none-eabi/lib/thumb/v6-m/libc.a(lib_a-readr.o)
 .debug_frame   0x0000000000000c10       0x48 /home/shay/a/ece362/Ac6/SystemWorkbench/plugins/fr.ac6.mcu.externaltools.arm-none.linux64_1.17.0.201812190825/tools/compiler/bin/../lib/gcc/arm-none-eabi/7.3.1/../../../../arm-none-eabi/lib/thumb/v6-m/libc.a(lib_a-reent.o)
 .debug_frame   0x0000000000000c58       0x2c /home/shay/a/ece362/Ac6/SystemWorkbench/plugins/fr.ac6.mcu.externaltools.arm-none.linux64_1.17.0.201812190825/tools/compiler/bin/../lib/gcc/arm-none-eabi/7.3.1/../../../../arm-none-eabi/lib/thumb/v6-m/libc.a(lib_a-fstatr.o)
 .debug_frame   0x0000000000000c84       0x2c /home/shay/a/ece362/Ac6/SystemWorkbench/plugins/fr.ac6.mcu.externaltools.arm-none.linux64_1.17.0.201812190825/tools/compiler/bin/../lib/gcc/arm-none-eabi/7.3.1/../../../../arm-none-eabi/lib/thumb/v6-m/libc.a(lib_a-isattyr.o)
 .debug_frame   0x0000000000000cb0       0x20 /home/shay/a/ece362/Ac6/SystemWorkbench/plugins/fr.ac6.mcu.externaltools.arm-none.linux64_1.17.0.201812190825/tools/compiler/bin/../lib/gcc/arm-none-eabi/7.3.1/thumb/v6-m/libgcc.a(_divsi3.o)
